// Jest Snapshot v1, https://goo.gl/fbAQLP

exports[`SingleDatePickerView test 1`] = `
<div>
  <div
    className="SingleDatePicker SingleDatePicker_1"
  >
    <div>
      <div
        className="SingleDatePickerInput SingleDatePickerInput_1 SingleDatePickerInput__withBorder SingleDatePickerInput__withBorder_2"
      >
        <div
          className="DateInput DateInput_1"
        >
          <input
            aria-describedby="DateInput__screen-reader-message-date"
            aria-label="Date"
            autoComplete="off"
            className="DateInput_input DateInput_input_1"
            disabled={false}
            id="date"
            name="date"
            onChange={[Function]}
            onFocus={[Function]}
            onKeyDown={[Function]}
            placeholder="Date"
            readOnly={false}
            required={false}
            type="text"
            value=""
          />
          <p
            className="DateInput_screenReaderMessage DateInput_screenReaderMessage_1"
            id="DateInput__screen-reader-message-date"
          >
            Press the down arrow key to interact with the calendar and
  select a date. Press the question mark key to get the keyboard shortcuts for changing dates.
          </p>
        </div>
      </div>
    </div>
  </div>
  <div
    className="validation-error"
  />
  <small
    className="form-text text-muted "
  >
    ( Please provide valid 
    Date Single
    . )
  </small>
</div>
`;
